["v2_write_matrix"] "avrora_kv_inproc" "put_unique_keys" {"env":{"group_commit":false,"partitions":"1"},"size":"1KB","timing":{"measure_s":8.0,"warmup_s":2.0},"writers":1} ops/s=285.5 MB/s=0.28 p50=3109.17us p99=5809.96us err=0
["v2_write_matrix"] "avrora_kv_inproc" "put_unique_keys" {"env":{"group_commit":false,"partitions":"1"},"size":"1KB","timing":{"measure_s":8.0,"warmup_s":2.0},"writers":4} ops/s=282.75 MB/s=0.28 p50=13989.29us p99=18388.5us err=0
["v2_write_matrix"] "avrora_kv_inproc" "put_unique_keys" {"env":{"group_commit":false,"partitions":"1"},"size":"1KB","timing":{"measure_s":8.0,"warmup_s":2.0},"writers":16} ops/s=285.0 MB/s=0.28 p50=54081.83us p99=88289.5us err=0
["v2_write_matrix"] "avrora_kv_inproc" "put_unique_keys" {"env":{"group_commit":false,"partitions":"1"},"size":"1KB","timing":{"measure_s":8.0,"warmup_s":2.0},"writers":64} ops/s=279.63 MB/s=0.27 p50=222118.79us p99=288191.63us err=0
["v2_write_matrix"] "avrora_kv_inproc" "put_unique_keys" {"env":{"group_commit":true,"partitions":"1"},"size":"1KB","timing":{"measure_s":8.0,"warmup_s":2.0},"writers":1} ops/s=275.75 MB/s=0.27 p50=3496.25us p99=6480.38us err=0
["v2_write_matrix"] "avrora_kv_inproc" "put_unique_keys" {"env":{"group_commit":true,"partitions":"1"},"size":"1KB","timing":{"measure_s":8.0,"warmup_s":2.0},"writers":4} ops/s=575.5 MB/s=0.56 p50=6965.5us p99=9242.38us err=0
["v2_write_matrix"] "avrora_kv_inproc" "put_unique_keys" {"env":{"group_commit":true,"partitions":"1"},"size":"1KB","timing":{"measure_s":8.0,"warmup_s":2.0},"writers":16} ops/s=1736.0 MB/s=1.7 p50=9117.96us p99=14730.46us err=0
["v2_write_matrix"] "avrora_kv_inproc" "put_unique_keys" {"env":{"group_commit":true,"partitions":"1"},"size":"1KB","timing":{"measure_s":8.0,"warmup_s":2.0},"writers":64} ops/s=5073.13 MB/s=4.95 p50=11578.75us p99=19498.67us err=0
["v2_write_matrix"] "avrora_kv_inproc" "put_unique_keys" {"env":{"group_commit":false,"partitions":"1"},"size":"4KB","timing":{"measure_s":8.0,"warmup_s":2.0},"writers":1} ops/s=245.75 MB/s=0.96 p50=4010.88us p99=5717.0us err=0
["v2_write_matrix"] "avrora_kv_inproc" "put_unique_keys" {"env":{"group_commit":false,"partitions":"1"},"size":"4KB","timing":{"measure_s":8.0,"warmup_s":2.0},"writers":4} ops/s=258.63 MB/s=1.01 p50=15165.79us p99=20091.5us err=0
["v2_write_matrix"] "avrora_kv_inproc" "put_unique_keys" {"env":{"group_commit":false,"partitions":"1"},"size":"4KB","timing":{"measure_s":8.0,"warmup_s":2.0},"writers":16} ops/s=258.13 MB/s=1.01 p50=61103.42us p99=78140.83us err=0
["v2_write_matrix"] "avrora_kv_inproc" "put_unique_keys" {"env":{"group_commit":false,"partitions":"1"},"size":"4KB","timing":{"measure_s":8.0,"warmup_s":2.0},"writers":64} ops/s=253.75 MB/s=0.99 p50=248089.29us p99=302053.04us err=0
["v2_write_matrix"] "avrora_kv_inproc" "put_unique_keys" {"env":{"group_commit":true,"partitions":"1"},"size":"4KB","timing":{"measure_s":8.0,"warmup_s":2.0},"writers":1} ops/s=268.0 MB/s=1.05 p50=3896.33us p99=5112.04us err=0
["v2_write_matrix"] "avrora_kv_inproc" "put_unique_keys" {"env":{"group_commit":true,"partitions":"1"},"size":"4KB","timing":{"measure_s":8.0,"warmup_s":2.0},"writers":4} ops/s=725.25 MB/s=2.83 p50=5149.92us p99=10456.83us err=0
["v2_write_matrix"] "avrora_kv_inproc" "put_unique_keys" {"env":{"group_commit":true,"partitions":"1"},"size":"4KB","timing":{"measure_s":8.0,"warmup_s":2.0},"writers":16} ops/s=1333.88 MB/s=5.21 p50=11425.79us p99=19022.83us err=0
["v2_write_matrix"] "avrora_kv_inproc" "put_unique_keys" {"env":{"group_commit":true,"partitions":"1"},"size":"4KB","timing":{"measure_s":8.0,"warmup_s":2.0},"writers":64} ops/s=3900.13 MB/s=15.23 p50=14594.79us p99=38824.96us err=0
["v2_write_matrix"] "avrora_kv_inproc" "put_unique_keys" {"env":{"group_commit":false,"partitions":"1"},"size":"64KB","timing":{"measure_s":8.0,"warmup_s":2.0},"writers":1} ops/s=127.5 MB/s=7.97 p50=7103.75us p99=13819.75us err=0
["v2_write_matrix"] "avrora_kv_inproc" "put_unique_keys" {"env":{"group_commit":false,"partitions":"1"},"size":"64KB","timing":{"measure_s":8.0,"warmup_s":2.0},"writers":4} ops/s=156.88 MB/s=9.8 p50=24755.17us p99=33961.17us err=0
["v2_write_matrix"] "avrora_kv_inproc" "put_unique_keys" {"env":{"group_commit":false,"partitions":"1"},"size":"64KB","timing":{"measure_s":8.0,"warmup_s":2.0},"writers":16} ops/s=155.63 MB/s=9.73 p50=101102.42us p99=191003.79us err=0
["v2_write_matrix"] "avrora_kv_inproc" "put_unique_keys" {"env":{"group_commit":false,"partitions":"1"},"size":"64KB","timing":{"measure_s":8.0,"warmup_s":2.0},"writers":64} ops/s=155.63 MB/s=9.73 p50=408773.92us p99=517614.75us err=0
["v2_write_matrix"] "avrora_kv_inproc" "put_unique_keys" {"env":{"group_commit":true,"partitions":"1"},"size":"64KB","timing":{"measure_s":8.0,"warmup_s":2.0},"writers":1} ops/s=155.25 MB/s=9.7 p50=6073.67us p99=10954.83us err=0
["v2_write_matrix"] "avrora_kv_inproc" "put_unique_keys" {"env":{"group_commit":true,"partitions":"1"},"size":"64KB","timing":{"measure_s":8.0,"warmup_s":2.0},"writers":4} ops/s=368.5 MB/s=23.03 p50=9959.04us p99=21832.21us err=0
["v2_write_matrix"] "avrora_kv_inproc" "put_unique_keys" {"env":{"group_commit":true,"partitions":"1"},"size":"64KB","timing":{"measure_s":8.0,"warmup_s":2.0},"writers":16} ops/s=480.0 MB/s=30.0 p50=29042.96us p99=157053.71us err=0
["v2_write_matrix"] "avrora_kv_inproc" "put_unique_keys" {"env":{"group_commit":true,"partitions":"1"},"size":"64KB","timing":{"measure_s":8.0,"warmup_s":2.0},"writers":64} ops/s=520.0 MB/s=32.5 p50=108847.17us p99=274960.33us err=0
["v2_write_matrix"] "avrora_kv_inproc" "put_unique_keys" {"env":{"group_commit":false,"partitions":"3"},"size":"1KB","timing":{"measure_s":8.0,"warmup_s":2.0},"writers":1} ops/s=178.0 MB/s=0.17 p50=5990.79us p99=8060.92us err=0
["v2_write_matrix"] "avrora_kv_inproc" "put_unique_keys" {"env":{"group_commit":false,"partitions":"3"},"size":"1KB","timing":{"measure_s":8.0,"warmup_s":2.0},"writers":4} ops/s=170.25 MB/s=0.17 p50=23070.21us p99=32050.04us err=0
["v2_write_matrix"] "avrora_kv_inproc" "put_unique_keys" {"env":{"group_commit":false,"partitions":"3"},"size":"1KB","timing":{"measure_s":8.0,"warmup_s":2.0},"writers":16} ops/s=167.38 MB/s=0.16 p50=95015.88us p99=125365.17us err=0
["v2_write_matrix"] "avrora_kv_inproc" "put_unique_keys" {"env":{"group_commit":false,"partitions":"3"},"size":"1KB","timing":{"measure_s":8.0,"warmup_s":2.0},"writers":64} ops/s=176.25 MB/s=0.17 p50=368940.33us p99=395975.0us err=0
["v2_write_matrix"] "avrora_kv_inproc" "put_unique_keys" {"env":{"group_commit":true,"partitions":"3"},"size":"1KB","timing":{"measure_s":8.0,"warmup_s":2.0},"writers":1} ops/s=175.0 MB/s=0.17 p50=6014.42us p99=8953.0us err=0
["v2_write_matrix"] "avrora_kv_inproc" "put_unique_keys" {"env":{"group_commit":true,"partitions":"3"},"size":"1KB","timing":{"measure_s":8.0,"warmup_s":2.0},"writers":4} ops/s=247.0 MB/s=0.24 p50=16048.63us p99=27384.21us err=0
["v2_write_matrix"] "avrora_kv_inproc" "put_unique_keys" {"env":{"group_commit":true,"partitions":"3"},"size":"1KB","timing":{"measure_s":8.0,"warmup_s":2.0},"writers":16} ops/s=329.88 MB/s=0.32 p50=44849.92us p99=98225.38us err=0
["v2_write_matrix"] "avrora_kv_inproc" "put_unique_keys" {"env":{"group_commit":true,"partitions":"3"},"size":"1KB","timing":{"measure_s":8.0,"warmup_s":2.0},"writers":64} ops/s=447.5 MB/s=0.44 p50=117800.96us p99=332165.0us err=0
["v2_write_matrix"] "avrora_kv_inproc" "put_unique_keys" {"env":{"group_commit":false,"partitions":"3"},"size":"4KB","timing":{"measure_s":8.0,"warmup_s":2.0},"writers":1} ops/s=175.75 MB/s=0.69 p50=5999.63us p99=9949.0us err=0
["v2_write_matrix"] "avrora_kv_inproc" "put_unique_keys" {"env":{"group_commit":false,"partitions":"3"},"size":"4KB","timing":{"measure_s":8.0,"warmup_s":2.0},"writers":4} ops/s=137.63 MB/s=0.54 p50=22146.58us p99=210192.67us err=0
["v2_write_matrix"] "avrora_kv_inproc" "put_unique_keys" {"env":{"group_commit":false,"partitions":"3"},"size":"4KB","timing":{"measure_s":8.0,"warmup_s":2.0},"writers":16} ops/s=165.13 MB/s=0.65 p50=95851.79us p99=130980.04us err=0
["v2_write_matrix"] "avrora_kv_inproc" "put_unique_keys" {"env":{"group_commit":false,"partitions":"3"},"size":"4KB","timing":{"measure_s":8.0,"warmup_s":2.0},"writers":64} ops/s=162.88 MB/s=0.64 p50=393032.21us p99=525505.88us err=0
["v2_write_matrix"] "avrora_kv_inproc" "put_unique_keys" {"env":{"group_commit":true,"partitions":"3"},"size":"4KB","timing":{"measure_s":8.0,"warmup_s":2.0},"writers":1} ops/s=166.63 MB/s=0.65 p50=5976.21us p99=10733.25us err=0
["v2_write_matrix"] "avrora_kv_inproc" "put_unique_keys" {"env":{"group_commit":true,"partitions":"3"},"size":"4KB","timing":{"measure_s":8.0,"warmup_s":2.0},"writers":4} ops/s=212.5 MB/s=0.83 p50=18885.58us p99=37949.29us err=0
["v2_write_matrix"] "avrora_kv_inproc" "put_unique_keys" {"env":{"group_commit":true,"partitions":"3"},"size":"4KB","timing":{"measure_s":8.0,"warmup_s":2.0},"writers":16} ops/s=272.0 MB/s=1.06 p50=57929.46us p99=104679.92us err=0
["v2_write_matrix"] "avrora_kv_inproc" "put_unique_keys" {"env":{"group_commit":true,"partitions":"3"},"size":"4KB","timing":{"measure_s":8.0,"warmup_s":2.0},"writers":64} ops/s=320.0 MB/s=1.25 p50=199955.38us p99=341611.75us err=0
["v2_write_matrix"] "avrora_kv_inproc" "put_unique_keys" {"env":{"group_commit":false,"partitions":"3"},"size":"64KB","timing":{"measure_s":8.0,"warmup_s":2.0},"writers":1} ops/s=96.75 MB/s=6.05 p50=9837.17us p99=32957.96us err=0
["v2_write_matrix"] "avrora_kv_inproc" "put_unique_keys" {"env":{"group_commit":false,"partitions":"3"},"size":"64KB","timing":{"measure_s":8.0,"warmup_s":2.0},"writers":4} ops/s=103.75 MB/s=6.48 p50=35910.88us p99=78119.17us err=0
["v2_write_matrix"] "avrora_kv_inproc" "put_unique_keys" {"env":{"group_commit":false,"partitions":"3"},"size":"64KB","timing":{"measure_s":8.0,"warmup_s":2.0},"writers":16} ops/s=104.88 MB/s=6.55 p50=142937.88us p99=289951.42us err=0
["v2_write_matrix"] "avrora_kv_inproc" "put_unique_keys" {"env":{"group_commit":false,"partitions":"3"},"size":"64KB","timing":{"measure_s":8.0,"warmup_s":2.0},"writers":64} ops/s=103.38 MB/s=6.46 p50=611986.42us p99=912994.5us err=0
["v2_write_matrix"] "avrora_kv_inproc" "put_unique_keys" {"env":{"group_commit":true,"partitions":"3"},"size":"64KB","timing":{"measure_s":8.0,"warmup_s":2.0},"writers":1} ops/s=100.75 MB/s=6.3 p50=9231.71us p99=25381.79us err=0
["v2_write_matrix"] "avrora_kv_inproc" "put_unique_keys" {"env":{"group_commit":true,"partitions":"3"},"size":"64KB","timing":{"measure_s":8.0,"warmup_s":2.0},"writers":4} ops/s=107.5 MB/s=6.72 p50=32899.88us p99=96640.63us err=0
["v2_write_matrix"] "avrora_kv_inproc" "put_unique_keys" {"env":{"group_commit":true,"partitions":"3"},"size":"64KB","timing":{"measure_s":8.0,"warmup_s":2.0},"writers":16} ops/s=116.0 MB/s=7.25 p50=123915.92us p99=288037.92us err=0
["v2_write_matrix"] "avrora_kv_inproc" "put_unique_keys" {"env":{"group_commit":true,"partitions":"3"},"size":"64KB","timing":{"measure_s":8.0,"warmup_s":2.0},"writers":64} ops/s=128.88 MB/s=8.05 p50=421743.25us p99=802449.5us err=0
["v2_write_matrix"] "avrora_kv_inproc" "put_unique_keys" {"env":{"group_commit":false,"partitions":"8"},"size":"1KB","timing":{"measure_s":8.0,"warmup_s":2.0},"writers":1} ops/s=173.0 MB/s=0.17 p50=5961.5us p99=7992.38us err=0
["v2_write_matrix"] "avrora_kv_inproc" "put_unique_keys" {"env":{"group_commit":false,"partitions":"8"},"size":"1KB","timing":{"measure_s":8.0,"warmup_s":2.0},"writers":4} ops/s=182.0 MB/s=0.18 p50=21957.58us p99=28991.96us err=0
["v2_write_matrix"] "avrora_kv_inproc" "put_unique_keys" {"env":{"group_commit":false,"partitions":"8"},"size":"1KB","timing":{"measure_s":8.0,"warmup_s":2.0},"writers":16} ops/s=193.5 MB/s=0.19 p50=82978.42us p99=99964.92us err=0
["v2_write_matrix"] "avrora_kv_inproc" "put_unique_keys" {"env":{"group_commit":false,"partitions":"8"},"size":"1KB","timing":{"measure_s":8.0,"warmup_s":2.0},"writers":64} ops/s=184.13 MB/s=0.18 p50=348031.54us p99=432758.21us err=0
["v2_write_matrix"] "avrora_kv_inproc" "put_unique_keys" {"env":{"group_commit":true,"partitions":"8"},"size":"1KB","timing":{"measure_s":8.0,"warmup_s":2.0},"writers":1} ops/s=183.88 MB/s=0.18 p50=5057.79us p99=7847.67us err=0
["v2_write_matrix"] "avrora_kv_inproc" "put_unique_keys" {"env":{"group_commit":true,"partitions":"8"},"size":"1KB","timing":{"measure_s":8.0,"warmup_s":2.0},"writers":4} ops/s=343.5 MB/s=0.34 p50=11104.25us p99=19937.5us err=0
["v2_write_matrix"] "avrora_kv_inproc" "put_unique_keys" {"env":{"group_commit":true,"partitions":"8"},"size":"1KB","timing":{"measure_s":8.0,"warmup_s":2.0},"writers":16} ops/s=516.0 MB/s=0.5 p50=29979.29us p99=43016.83us err=0
["v2_write_matrix"] "avrora_kv_inproc" "put_unique_keys" {"env":{"group_commit":true,"partitions":"8"},"size":"1KB","timing":{"measure_s":8.0,"warmup_s":2.0},"writers":64} ops/s=527.88 MB/s=0.52 p50=118230.17us p99=299768.67us err=0
["v2_write_matrix"] "avrora_kv_inproc" "put_unique_keys" {"env":{"group_commit":false,"partitions":"8"},"size":"4KB","timing":{"measure_s":8.0,"warmup_s":2.0},"writers":1} ops/s=180.38 MB/s=0.7 p50=5802.63us p99=7058.5us err=0
["v2_write_matrix"] "avrora_kv_inproc" "put_unique_keys" {"env":{"group_commit":false,"partitions":"8"},"size":"4KB","timing":{"measure_s":8.0,"warmup_s":2.0},"writers":4} ops/s=187.25 MB/s=0.73 p50=21032.33us p99=26954.83us err=0
["v2_write_matrix"] "avrora_kv_inproc" "put_unique_keys" {"env":{"group_commit":false,"partitions":"8"},"size":"4KB","timing":{"measure_s":8.0,"warmup_s":2.0},"writers":16} ops/s=186.0 MB/s=0.73 p50=86113.29us p99=108592.88us err=0
["v2_write_matrix"] "avrora_kv_inproc" "put_unique_keys" {"env":{"group_commit":false,"partitions":"8"},"size":"4KB","timing":{"measure_s":8.0,"warmup_s":2.0},"writers":64} ops/s=188.25 MB/s=0.74 p50=343092.79us p99=402925.0us err=0
["v2_write_matrix"] "avrora_kv_inproc" "put_unique_keys" {"env":{"group_commit":true,"partitions":"8"},"size":"4KB","timing":{"measure_s":8.0,"warmup_s":2.0},"writers":1} ops/s=182.63 MB/s=0.71 p50=5175.21us p99=7092.25us err=0
["v2_write_matrix"] "avrora_kv_inproc" "put_unique_keys" {"env":{"group_commit":true,"partitions":"8"},"size":"4KB","timing":{"measure_s":8.0,"warmup_s":2.0},"writers":4} ops/s=321.5 MB/s=1.26 p50=11984.21us p99=20277.13us err=0
["v2_write_matrix"] "avrora_kv_inproc" "put_unique_keys" {"env":{"group_commit":true,"partitions":"8"},"size":"4KB","timing":{"measure_s":8.0,"warmup_s":2.0},"writers":16} ops/s=476.0 MB/s=1.86 p50=32022.25us p99=53084.88us err=0
["v2_write_matrix"] "avrora_kv_inproc" "put_unique_keys" {"env":{"group_commit":true,"partitions":"8"},"size":"4KB","timing":{"measure_s":8.0,"warmup_s":2.0},"writers":64} ops/s=445.88 MB/s=1.74 p50=135693.58us p99=272832.71us err=0
["v2_write_matrix"] "avrora_kv_inproc" "put_unique_keys" {"env":{"group_commit":false,"partitions":"8"},"size":"64KB","timing":{"measure_s":8.0,"warmup_s":2.0},"writers":1} ops/s=121.38 MB/s=7.59 p50=7980.54us p99=13033.54us err=0
["v2_write_matrix"] "avrora_kv_inproc" "put_unique_keys" {"env":{"group_commit":false,"partitions":"8"},"size":"64KB","timing":{"measure_s":8.0,"warmup_s":2.0},"writers":4} ops/s=129.63 MB/s=8.1 p50=30176.5us p99=43962.0us err=0
["v2_write_matrix"] "avrora_kv_inproc" "put_unique_keys" {"env":{"group_commit":false,"partitions":"8"},"size":"64KB","timing":{"measure_s":8.0,"warmup_s":2.0},"writers":16} ops/s=132.75 MB/s=8.3 p50=118788.42us p99=150087.08us err=0
["v2_write_matrix"] "avrora_kv_inproc" "put_unique_keys" {"env":{"group_commit":false,"partitions":"8"},"size":"64KB","timing":{"measure_s":8.0,"warmup_s":2.0},"writers":64} ops/s=133.5 MB/s=8.34 p50=481915.54us p99=525034.96us err=0
["v2_write_matrix"] "avrora_kv_inproc" "put_unique_keys" {"env":{"group_commit":true,"partitions":"8"},"size":"64KB","timing":{"measure_s":8.0,"warmup_s":2.0},"writers":1} ops/s=125.88 MB/s=7.87 p50=7947.17us p99=13523.38us err=0
["v2_write_matrix"] "avrora_kv_inproc" "put_unique_keys" {"env":{"group_commit":true,"partitions":"8"},"size":"64KB","timing":{"measure_s":8.0,"warmup_s":2.0},"writers":4} ops/s=176.0 MB/s=11.0 p50=21013.25us p99=41898.0us err=0
["v2_write_matrix"] "avrora_kv_inproc" "put_unique_keys" {"env":{"group_commit":true,"partitions":"8"},"size":"64KB","timing":{"measure_s":8.0,"warmup_s":2.0},"writers":16} ops/s=184.0 MB/s=11.5 p50=84274.75us p99=145138.29us err=0
["v2_write_matrix"] "avrora_kv_inproc" "put_unique_keys" {"env":{"group_commit":true,"partitions":"8"},"size":"64KB","timing":{"measure_s":8.0,"warmup_s":2.0},"writers":64} ops/s=192.0 MB/s=12.0 p50=338755.67us p99=491093.04us err=0
["v2_write_matrix"] "avrora_kv_inproc" "put_unique_keys" {"env":{"group_commit":false,"partitions":"32"},"size":"1KB","timing":{"measure_s":8.0,"warmup_s":2.0},"writers":1} ops/s=211.5 MB/s=0.21 p50=4957.0us p99=6048.42us err=0
["v2_write_matrix"] "avrora_kv_inproc" "put_unique_keys" {"env":{"group_commit":false,"partitions":"32"},"size":"1KB","timing":{"measure_s":8.0,"warmup_s":2.0},"writers":4} ops/s=213.38 MB/s=0.21 p50=18999.92us p99=23804.38us err=0
["v2_write_matrix"] "avrora_kv_inproc" "put_unique_keys" {"env":{"group_commit":false,"partitions":"32"},"size":"1KB","timing":{"measure_s":8.0,"warmup_s":2.0},"writers":16} ops/s=210.88 MB/s=0.21 p50=76832.08us p99=86980.54us err=0
["v2_write_matrix"] "avrora_kv_inproc" "put_unique_keys" {"env":{"group_commit":false,"partitions":"32"},"size":"1KB","timing":{"measure_s":8.0,"warmup_s":2.0},"writers":64} ops/s=216.38 MB/s=0.21 p50=295737.29us p99=332221.58us err=0
["v2_write_matrix"] "avrora_kv_inproc" "put_unique_keys" {"env":{"group_commit":true,"partitions":"32"},"size":"1KB","timing":{"measure_s":8.0,"warmup_s":2.0},"writers":1} ops/s=216.0 MB/s=0.21 p50=4898.54us p99=6957.04us err=0
["v2_write_matrix"] "avrora_kv_inproc" "put_unique_keys" {"env":{"group_commit":true,"partitions":"32"},"size":"1KB","timing":{"measure_s":8.0,"warmup_s":2.0},"writers":4} ops/s=239.5 MB/s=0.23 p50=16727.33us p99=22169.92us err=0
["v2_write_matrix"] "avrora_kv_inproc" "put_unique_keys" {"env":{"group_commit":true,"partitions":"32"},"size":"1KB","timing":{"measure_s":8.0,"warmup_s":2.0},"writers":16} ops/s=258.0 MB/s=0.25 p50=63903.04us p99=78222.67us err=0
["v2_write_matrix"] "avrora_kv_inproc" "put_unique_keys" {"env":{"group_commit":true,"partitions":"32"},"size":"1KB","timing":{"measure_s":8.0,"warmup_s":2.0},"writers":64} ops/s=360.0 MB/s=0.35 p50=172895.96us p99=262739.75us err=0
["v2_write_matrix"] "avrora_kv_inproc" "put_unique_keys" {"env":{"group_commit":false,"partitions":"32"},"size":"4KB","timing":{"measure_s":8.0,"warmup_s":2.0},"writers":1} ops/s=209.38 MB/s=0.82 p50=4930.29us p99=7252.0us err=0
["v2_write_matrix"] "avrora_kv_inproc" "put_unique_keys" {"env":{"group_commit":false,"partitions":"32"},"size":"4KB","timing":{"measure_s":8.0,"warmup_s":2.0},"writers":4} ops/s=204.63 MB/s=0.8 p50=19097.92us p99=27749.38us err=0
["v2_write_matrix"] "avrora_kv_inproc" "put_unique_keys" {"env":{"group_commit":false,"partitions":"32"},"size":"4KB","timing":{"measure_s":8.0,"warmup_s":2.0},"writers":16} ops/s=200.63 MB/s=0.78 p50=79811.96us p99=99133.25us err=0
["v2_write_matrix"] "avrora_kv_inproc" "put_unique_keys" {"env":{"group_commit":false,"partitions":"32"},"size":"4KB","timing":{"measure_s":8.0,"warmup_s":2.0},"writers":64} ops/s=207.25 MB/s=0.81 p50=309047.79us p99=369010.04us err=0
["v2_write_matrix"] "avrora_kv_inproc" "put_unique_keys" {"env":{"group_commit":true,"partitions":"32"},"size":"4KB","timing":{"measure_s":8.0,"warmup_s":2.0},"writers":1} ops/s=205.75 MB/s=0.8 p50=4942.5us p99=7771.58us err=0
["v2_write_matrix"] "avrora_kv_inproc" "put_unique_keys" {"env":{"group_commit":true,"partitions":"32"},"size":"4KB","timing":{"measure_s":8.0,"warmup_s":2.0},"writers":4} ops/s=206.5 MB/s=0.81 p50=19459.42us p99=24422.38us err=0
["v2_write_matrix"] "avrora_kv_inproc" "put_unique_keys" {"env":{"group_commit":true,"partitions":"32"},"size":"4KB","timing":{"measure_s":8.0,"warmup_s":2.0},"writers":16} ops/s=240.0 MB/s=0.94 p50=70523.33us p99=88863.58us err=0
["v2_write_matrix"] "avrora_kv_inproc" "put_unique_keys" {"env":{"group_commit":true,"partitions":"32"},"size":"4KB","timing":{"measure_s":8.0,"warmup_s":2.0},"writers":64} ops/s=392.0 MB/s=1.53 p50=163546.04us p99=217856.58us err=0
["v2_write_matrix"] "avrora_kv_inproc" "put_unique_keys" {"env":{"group_commit":false,"partitions":"32"},"size":"64KB","timing":{"measure_s":8.0,"warmup_s":2.0},"writers":1} ops/s=147.25 MB/s=9.2 p50=6824.58us p99=12761.92us err=0
["v2_write_matrix"] "avrora_kv_inproc" "put_unique_keys" {"env":{"group_commit":false,"partitions":"32"},"size":"64KB","timing":{"measure_s":8.0,"warmup_s":2.0},"writers":4} ops/s=148.5 MB/s=9.28 p50=26892.42us p99=38201.42us err=0
["v2_write_matrix"] "avrora_kv_inproc" "put_unique_keys" {"env":{"group_commit":false,"partitions":"32"},"size":"64KB","timing":{"measure_s":8.0,"warmup_s":2.0},"writers":16} ops/s=149.13 MB/s=9.32 p50=106677.29us p99=165811.79us err=0
["v2_write_matrix"] "avrora_kv_inproc" "put_unique_keys" {"env":{"group_commit":false,"partitions":"32"},"size":"64KB","timing":{"measure_s":8.0,"warmup_s":2.0},"writers":64} ops/s=149.5 MB/s=9.34 p50=429699.71us p99=505735.96us err=0
["v2_write_matrix"] "avrora_kv_inproc" "put_unique_keys" {"env":{"group_commit":true,"partitions":"32"},"size":"64KB","timing":{"measure_s":8.0,"warmup_s":2.0},"writers":1} ops/s=153.75 MB/s=9.61 p50=6471.83us p99=8841.42us err=0
["v2_write_matrix"] "avrora_kv_inproc" "put_unique_keys" {"env":{"group_commit":true,"partitions":"32"},"size":"64KB","timing":{"measure_s":8.0,"warmup_s":2.0},"writers":4} ops/s=160.0 MB/s=10.0 p50=24985.17us p99=29704.58us err=0
["v2_write_matrix"] "avrora_kv_inproc" "put_unique_keys" {"env":{"group_commit":true,"partitions":"32"},"size":"64KB","timing":{"measure_s":8.0,"warmup_s":2.0},"writers":16} ops/s=156.0 MB/s=9.75 p50=100306.46us p99=157752.58us err=0
["v2_write_matrix"] "avrora_kv_inproc" "put_unique_keys" {"env":{"group_commit":true,"partitions":"32"},"size":"64KB","timing":{"measure_s":8.0,"warmup_s":2.0},"writers":64} ops/s=209.0 MB/s=13.06 p50=283124.63us p99=569795.88us err=0
["v2_consume_backlog"] "avrora_runtime_inproc" "consume_ack_from_backlog" {"backlog":1000,"env":{"group_commit":true,"partitions":"1"},"probe":200,"size":"1KB"} ops/s=null MB/s=null p50=nullus p99=nullus err=null
["v2_consume_backlog"] "avrora_runtime_inproc" "consume_ack_from_backlog" {"backlog":10000,"env":{"group_commit":true,"partitions":"1"},"probe":200,"size":"1KB"} ops/s=null MB/s=null p50=nullus p99=nullus err=null
["v2_consume_backlog"] "avrora_runtime_inproc" "consume_ack_from_backlog" {"backlog":100000,"env":{"group_commit":true,"partitions":"1"},"probe":200,"size":"1KB"} ops/s=null MB/s=null p50=nullus p99=nullus err=null
["v2_consume_backlog"] "avrora_runtime_inproc" "consume_ack_from_backlog" {"backlog":1000000,"env":{"group_commit":true,"partitions":"1"},"probe":200,"size":"256B"} ops/s=null MB/s=null p50=nullus p99=nullus err=null
["stress"] "avrora_kv_inproc" "concurrency_ramp_write" {"size":"1KB","timing":{"measure_s":15.0,"warmup_s":3.0},"workers":1} ops/s=256.27 MB/s=0.25 p50=3976.96us p99=5028.0us err=0
["stress"] "avrora_kv_inproc" "concurrency_ramp_write" {"size":"1KB","timing":{"measure_s":15.0,"warmup_s":3.0},"workers":2} ops/s=251.13 MB/s=0.25 p50=7986.21us p99=10038.58us err=0
["stress"] "avrora_kv_inproc" "concurrency_ramp_write" {"size":"1KB","timing":{"measure_s":15.0,"warmup_s":3.0},"workers":4} ops/s=253.4 MB/s=0.25 p50=15947.33us p99=18944.71us err=0
["stress"] "avrora_kv_inproc" "concurrency_ramp_write" {"size":"1KB","timing":{"measure_s":15.0,"warmup_s":3.0},"workers":8} ops/s=249.47 MB/s=0.24 p50=31408.5us p99=45822.25us err=0
["stress"] "avrora_kv_inproc" "concurrency_ramp_write" {"size":"1KB","timing":{"measure_s":15.0,"warmup_s":3.0},"workers":16} ops/s=250.67 MB/s=0.24 p50=62848.67us p99=90084.08us err=0
["stress"] "avrora_kv_inproc" "concurrency_ramp_write" {"size":"1KB","timing":{"measure_s":15.0,"warmup_s":3.0},"workers":32} ops/s=261.33 MB/s=0.26 p50=121975.5us p99=139517.38us err=0
["stress"] "avrora_kv_inproc" "concurrency_ramp_write" {"size":"1KB","timing":{"measure_s":15.0,"warmup_s":3.0},"workers":64} ops/s=252.67 MB/s=0.25 p50=248900.75us p99=296473.25us err=0
["stress"] "avrora_kv_inproc" "concurrency_ramp_read" {"size":"1KB","timing":{"measure_s":15.0,"warmup_s":3.0},"workers":1} ops/s=587683.17 MB/s=573.91 p50=1.54us p99=2.75us err=0
["stress"] "avrora_kv_inproc" "concurrency_ramp_read" {"size":"1KB","timing":{"measure_s":15.0,"warmup_s":3.0},"workers":2} ops/s=461755.92 MB/s=450.93 p50=4.08us p99=6.13us err=0
["stress"] "avrora_kv_inproc" "concurrency_ramp_read" {"size":"1KB","timing":{"measure_s":15.0,"warmup_s":3.0},"workers":4} ops/s=464969.68 MB/s=454.07 p50=8.38us p99=11.54us err=0
["stress"] "avrora_kv_inproc" "concurrency_ramp_read" {"size":"1KB","timing":{"measure_s":15.0,"warmup_s":3.0},"workers":8} ops/s=465018.99 MB/s=454.12 p50=16.92us p99=25.04us err=0
["stress"] "avrora_kv_inproc" "concurrency_ramp_read" {"size":"1KB","timing":{"measure_s":15.0,"warmup_s":3.0},"workers":16} ops/s=465919.07 MB/s=455.0 p50=33.33us p99=67.58us err=0
["stress"] "avrora_kv_inproc" "concurrency_ramp_read" {"size":"1KB","timing":{"measure_s":15.0,"warmup_s":3.0},"workers":32} ops/s=461456.88 MB/s=450.64 p50=67.79us p99=124.71us err=0
["stress"] "avrora_kv_inproc" "concurrency_ramp_read" {"size":"1KB","timing":{"measure_s":15.0,"warmup_s":3.0},"workers":64} ops/s=433064.09 MB/s=422.91 p50=138.54us p99=334.92us err=0
